
Memory Configuration

Name             Origin             Length             Attributes
*default*        0x00000000         0xffffffff

Linker script and memory map

LOAD c:/mgc/embedded/codebench/bin/../lib/gcc/arm-none-eabi/5.2.0/crti.o
LOAD c:/mgc/embedded/codebench/bin/../lib/gcc/arm-none-eabi/5.2.0/crtbegin.o
LOAD C:/modeltech64_10.2c/examples/work/sw/first_run/Debug/first_run.o
LOAD C:/modeltech64_10.2c/examples/work/sw/first_run/Debug/start.o
START GROUP
LOAD c:/mgc/embedded/codebench/bin/../lib/gcc/arm-none-eabi/5.2.0\libgcc.a
LOAD c:/mgc/embedded/codebench/bin/../lib/gcc/arm-none-eabi/5.2.0/../../../../arm-none-eabi/lib\libc.a
END GROUP
LOAD c:/mgc/embedded/codebench/bin/../lib/gcc/arm-none-eabi/5.2.0/crtend.o
LOAD c:/mgc/embedded/codebench/bin/../lib/gcc/arm-none-eabi/5.2.0/crtn.o
                0x00000000                . = 0x0

.text           0x00000000      0x2f0
 start.o(.text)
 .text          0x00000000       0x24 start.o
 *(.text)
 .text          0x00000024        0x0 c:/mgc/embedded/codebench/bin/../lib/gcc/arm-none-eabi/5.2.0/crti.o
 .text          0x00000024      0x108 c:/mgc/embedded/codebench/bin/../lib/gcc/arm-none-eabi/5.2.0/crtbegin.o
 .text          0x0000012c      0x1a0 C:/modeltech64_10.2c/examples/work/sw/first_run/Debug/first_run.o
                0x0000012c                main
 .text          0x000002cc       0x24 C:/modeltech64_10.2c/examples/work/sw/first_run/Debug/start.o
 .text          0x000002f0        0x0 c:/mgc/embedded/codebench/bin/../lib/gcc/arm-none-eabi/5.2.0/crtend.o
 .text          0x000002f0        0x0 c:/mgc/embedded/codebench/bin/../lib/gcc/arm-none-eabi/5.2.0/crtn.o

.glue_7         0x000002f0        0x0
 .glue_7        0x000002f0        0x0 linker stubs

.glue_7t        0x000002f0        0x0
 .glue_7t       0x000002f0        0x0 linker stubs

.vfp11_veneer   0x000002f0        0x0
 .vfp11_veneer  0x000002f0        0x0 linker stubs

.v4_bx          0x000002f0        0x0
 .v4_bx         0x000002f0        0x0 linker stubs

.init           0x000002f0       0x18
 .init          0x000002f0        0xc c:/mgc/embedded/codebench/bin/../lib/gcc/arm-none-eabi/5.2.0/crti.o
                0x000002f0                _init
 .init          0x000002fc        0xc c:/mgc/embedded/codebench/bin/../lib/gcc/arm-none-eabi/5.2.0/crtn.o

.fini           0x00000308       0x18
 .fini          0x00000308        0xc c:/mgc/embedded/codebench/bin/../lib/gcc/arm-none-eabi/5.2.0/crti.o
                0x00000308                _fini
 .fini          0x00000314        0xc c:/mgc/embedded/codebench/bin/../lib/gcc/arm-none-eabi/5.2.0/crtn.o

.iplt           0x00000320        0x0
 .iplt          0x00000320        0x0 c:/mgc/embedded/codebench/bin/../lib/gcc/arm-none-eabi/5.2.0/crtbegin.o

.data           0x00000320        0x4
 *(.data)
 .data          0x00000320        0x0 c:/mgc/embedded/codebench/bin/../lib/gcc/arm-none-eabi/5.2.0/crti.o
 .data          0x00000320        0x4 c:/mgc/embedded/codebench/bin/../lib/gcc/arm-none-eabi/5.2.0/crtbegin.o
                0x00000320                __dso_handle
 .data          0x00000324        0x0 C:/modeltech64_10.2c/examples/work/sw/first_run/Debug/first_run.o
 .data          0x00000324        0x0 C:/modeltech64_10.2c/examples/work/sw/first_run/Debug/start.o
 .data          0x00000324        0x0 c:/mgc/embedded/codebench/bin/../lib/gcc/arm-none-eabi/5.2.0/crtend.o
 .data          0x00000324        0x0 c:/mgc/embedded/codebench/bin/../lib/gcc/arm-none-eabi/5.2.0/crtn.o
 .data          0x00000324        0x0 start.o

.init_array     0x00000324        0x4
 .init_array    0x00000324        0x4 c:/mgc/embedded/codebench/bin/../lib/gcc/arm-none-eabi/5.2.0/crtbegin.o

.fini_array     0x00000328        0x4
 .fini_array    0x00000328        0x4 c:/mgc/embedded/codebench/bin/../lib/gcc/arm-none-eabi/5.2.0/crtbegin.o

.jcr            0x0000032c        0x4
 .jcr           0x0000032c        0x0 c:/mgc/embedded/codebench/bin/../lib/gcc/arm-none-eabi/5.2.0/crtbegin.o
 .jcr           0x0000032c        0x4 c:/mgc/embedded/codebench/bin/../lib/gcc/arm-none-eabi/5.2.0/crtend.o

.tm_clone_table
                0x00000330        0x0
 .tm_clone_table
                0x00000330        0x0 c:/mgc/embedded/codebench/bin/../lib/gcc/arm-none-eabi/5.2.0/crtbegin.o
 .tm_clone_table
                0x00000330        0x0 c:/mgc/embedded/codebench/bin/../lib/gcc/arm-none-eabi/5.2.0/crtend.o

.igot.plt       0x00000330        0x0
 .igot.plt      0x00000330        0x0 c:/mgc/embedded/codebench/bin/../lib/gcc/arm-none-eabi/5.2.0/crtbegin.o

.rodata
 *(.rodata)

.eh_frame       0x00000330        0x4
 .eh_frame      0x00000330        0x0 c:/mgc/embedded/codebench/bin/../lib/gcc/arm-none-eabi/5.2.0/crtbegin.o
 .eh_frame      0x00000330        0x4 c:/mgc/embedded/codebench/bin/../lib/gcc/arm-none-eabi/5.2.0/crtend.o

.rel.dyn        0x00000334        0x0
 .rel.iplt      0x00000334        0x0 c:/mgc/embedded/codebench/bin/../lib/gcc/arm-none-eabi/5.2.0/crtbegin.o

.bss            0x00000334       0x24
 *(.bss)
 .bss           0x00000334        0x0 c:/mgc/embedded/codebench/bin/../lib/gcc/arm-none-eabi/5.2.0/crti.o
 .bss           0x00000334       0x1c c:/mgc/embedded/codebench/bin/../lib/gcc/arm-none-eabi/5.2.0/crtbegin.o
 .bss           0x00000350        0x0 C:/modeltech64_10.2c/examples/work/sw/first_run/Debug/first_run.o
 .bss           0x00000350        0x4 C:/modeltech64_10.2c/examples/work/sw/first_run/Debug/start.o
 .bss           0x00000354        0x0 c:/mgc/embedded/codebench/bin/../lib/gcc/arm-none-eabi/5.2.0/crtend.o
 .bss           0x00000354        0x0 c:/mgc/embedded/codebench/bin/../lib/gcc/arm-none-eabi/5.2.0/crtn.o
 .bss           0x00000354        0x4 start.o

.stack          0x00000358        0x0
                0x00000358                __stack = .
OUTPUT(first_run elf32-littlearm)

.ARM.attributes
                0x00000000       0x2c
 .ARM.attributes
                0x00000000       0x16 c:/mgc/embedded/codebench/bin/../lib/gcc/arm-none-eabi/5.2.0/crti.o
 .ARM.attributes
                0x00000016       0x30 c:/mgc/embedded/codebench/bin/../lib/gcc/arm-none-eabi/5.2.0/crtbegin.o
 .ARM.attributes
                0x00000046       0x28 C:/modeltech64_10.2c/examples/work/sw/first_run/Debug/first_run.o
 .ARM.attributes
                0x0000006e       0x18 C:/modeltech64_10.2c/examples/work/sw/first_run/Debug/start.o
 .ARM.attributes
                0x00000086       0x30 c:/mgc/embedded/codebench/bin/../lib/gcc/arm-none-eabi/5.2.0/crtend.o
 .ARM.attributes
                0x000000b6       0x18 c:/mgc/embedded/codebench/bin/../lib/gcc/arm-none-eabi/5.2.0/crtn.o
 .ARM.attributes
                0x000000ce       0x18 start.o

.comment        0x00000000       0x2c
 .comment       0x00000000       0x2c C:/modeltech64_10.2c/examples/work/sw/first_run/Debug/first_run.o
                                 0x2d (size before relaxing)

.debug_info     0x00000000      0x11d
 .debug_info    0x00000000       0x53 C:/modeltech64_10.2c/examples/work/sw/first_run/Debug/first_run.o
 .debug_info    0x00000053       0x65 C:/modeltech64_10.2c/examples/work/sw/first_run/Debug/start.o
 .debug_info    0x000000b8       0x65 start.o

.debug_abbrev   0x00000000       0x72
 .debug_abbrev  0x00000000       0x4a C:/modeltech64_10.2c/examples/work/sw/first_run/Debug/first_run.o
 .debug_abbrev  0x0000004a       0x14 C:/modeltech64_10.2c/examples/work/sw/first_run/Debug/start.o
 .debug_abbrev  0x0000005e       0x14 start.o

.debug_aranges  0x00000000       0x60
 .debug_aranges
                0x00000000       0x20 C:/modeltech64_10.2c/examples/work/sw/first_run/Debug/first_run.o
 .debug_aranges
                0x00000020       0x20 C:/modeltech64_10.2c/examples/work/sw/first_run/Debug/start.o
 .debug_aranges
                0x00000040       0x20 start.o

.debug_line     0x00000000      0x126
 .debug_line    0x00000000       0xa4 C:/modeltech64_10.2c/examples/work/sw/first_run/Debug/first_run.o
 .debug_line    0x000000a4       0x41 C:/modeltech64_10.2c/examples/work/sw/first_run/Debug/start.o
 .debug_line    0x000000e5       0x41 start.o

.debug_str      0x00000000       0xa1
 .debug_str     0x00000000       0xa1 C:/modeltech64_10.2c/examples/work/sw/first_run/Debug/first_run.o

.debug_frame    0x00000000       0x28
 .debug_frame   0x00000000       0x28 C:/modeltech64_10.2c/examples/work/sw/first_run/Debug/first_run.o
